[max-themes.net/demos/hoteller/hoteller/boutique/index.html]
[backblue.gif]
[fade.gif]
[index.html]
[max-themes.net/demos/hoteller/hoteller/boutique/css/reset.css]
[max-themes.net/demos/hoteller/hoteller/boutique/css/wordpress.css]
[max-themes.net/demos/hoteller/hoteller/boutique/css/style.css]
[max-themes.net/demos/hoteller/hoteller/boutique/css/modulobox.css]
[max-themes.net/demos/hoteller/hoteller/boutique/css/font-awesome.min.css]
[max-themes.net/demos/hoteller/hoteller/boutique/css/themify-icons.css]
[max-themes.net/demos/hoteller/hoteller/boutique/css/tooltipster.css]
[max-themes.net/demos/hoteller/hoteller/boutique/css/demo.css]
[max-themes.net/demos/hoteller/hoteller/boutique/js/plugins/loftloader/assets/css/loftloader.minc3cd.css]
[max-themes.net/demos/hoteller/hoteller/boutique/js/plugins/elementor/assets/lib/eicons/css/elementor-icons.min.css]
[max-themes.net/demos/hoteller/hoteller/boutique/js/plugins/elementor/assets/lib/animations/animations.min.css]
[max-themes.net/demos/hoteller/hoteller/boutique/js/plugins/elementor/assets/css/frontend-legacy.min.css]
[max-themes.net/demos/hoteller/hoteller/boutique/js/plugins/elementor/assets/css/frontend.min.css]
[max-themes.net/demos/hoteller/hoteller/boutique/js/plugins/hoteller-elementor/assets/css/swiper.css]
[max-themes.net/demos/hoteller/hoteller/boutique/js/plugins/hoteller-elementor/assets/css/animatedheadline.css]
[max-themes.net/demos/hoteller/hoteller/boutique/js/plugins/hoteller-elementor/assets/css/justifiedGallery.css]
[max-themes.net/demos/hoteller/hoteller/boutique/js/plugins/hoteller-elementor/assets/css/flickity.css]
[max-themes.net/demos/hoteller/hoteller/boutique/js/plugins/hoteller-elementor/assets/css/owl.theme.default.min.css]
[max-themes.net/demos/hoteller/hoteller/boutique/js/plugins/hoteller-elementor/assets/css/hoteller-elementor.css]
[max-themes.net/demos/hoteller/hoteller/boutique/js/plugins/hoteller-elementor/assets/css/hoteller-elementor-responsive.css]
[max-themes.net/demos/hoteller/hoteller/boutique/js/plugins/elementor/assets/lib/font-awesome/css/font-awesome.min1849.css]
[max-themes.net/demos/hoteller/hoteller/boutique/css/responsive.css]
[max-themes.net/demos/hoteller/hoteller/boutique/css/custom-css.css]
[max-themes.net/demos/hoteller/hoteller/boutique/upload/TG-Thumb.png]
[max-themes.net/demos/hoteller/hoteller/boutique/upload/logo_black.png]
[max-themes.net/demos/hoteller/hoteller/boutique/our-rooms.html]
[max-themes.net/demos/hoteller/hoteller/boutique/dining.html]
[max-themes.net/demos/hoteller/hoteller/boutique/about.html]
[max-themes.net/demos/hoteller/hoteller/boutique/contact.html]
[max-themes.net/demos/hoteller/hoteller/boutique/booking-now.html]
[max-themes.net/demos/hoteller/hoteller/boutique/upload/logo_white.png]
[max-themes.net/demos/hoteller/hoteller/boutique/upload/menu_icon_white.png]
[max-themes.net/demos/hoteller/hoteller/boutique/upload/menu_icon.png]
[max-themes.net/demos/hoteller/hoteller/boutique/upload/pont-saint-pierre-and-hotel-dieu-saint-jacques-ERV3QDU.jpg]
[max-themes.net/demos/hoteller/hoteller/boutique/upload/One-Bedroom-Alpine-Suite-Lake-View.jpg]
[max-themes.net/demos/hoteller/hoteller/boutique/upload/chef-presenting-food-to-customers-in-the-P8DB3B8.jpg]
[max-themes.net/demos/hoteller/hoteller/boutique/upload/signature.png]
[max-themes.net/demos/hoteller/hoteller/boutique/deluxe-room.html]
[max-themes.net/demos/hoteller/hoteller/boutique/upload/149368628.jpg]
[max-themes.net/demos/hoteller/hoteller/boutique/upload/room-standard-01.jpg]
[max-themes.net/demos/hoteller/hoteller/boutique/upload/St-Moritz-Guest-Room.jpg]
[max-themes.net/demos/hoteller/hoteller/boutique/upload/mature-businessman-with-smartphone-in-a-hotel-P8JDE9P.jpg]
[max-themes.net/demos/hoteller/hoteller/boutique/upload/boy-and-girl-skiing-in-forest-P332MXA.jpg]
[max-themes.net/demos/hoteller/hoteller/boutique/upload/hotel-sketch.png]
[max-themes.net/demos/hoteller/hoteller/boutique/upload/food-on-a-table-in-a-hotel-room-PU969F8.jpg]
[max-themes.net/demos/hoteller/hoteller/boutique/js/jquery4a5f.js]
[max-themes.net/demos/hoteller/hoteller/boutique/js/ui/core.min.js]
[max-themes.net/demos/hoteller/hoteller/boutique/js/ui/widget.min.js]
[max-themes.net/demos/hoteller/hoteller/boutique/js/ui/mouse.min.js]
[max-themes.net/demos/hoteller/hoteller/boutique/js/ui/resizable.min.js]
[max-themes.net/demos/hoteller/hoteller/boutique/js/ui/draggable.min.js]
[max-themes.net/demos/hoteller/hoteller/boutique/js/ui/button.min.js]
[max-themes.net/demos/hoteller/hoteller/boutique/js/ui/position.min.js]
[max-themes.net/demos/hoteller/hoteller/boutique/js/ui/dialog.min.js]
[max-themes.net/demos/hoteller/hoteller/boutique/js/plugins/imagesloaded.mineda1.js]
[max-themes.net/demos/hoteller/hoteller/boutique/js/plugins/masonry.min3a05.js]
[max-themes.net/demos/hoteller/hoteller/boutique/js/plugins/hoteller-elementor/assets/js/jquery.lazy.js]
[max-themes.net/demos/hoteller/hoteller/boutique/js/plugins/hoteller-elementor/assets/js/modulobox.js]
[max-themes.net/demos/hoteller/hoteller/boutique/js/plugins/hoteller-elementor/assets/js/jquery.parallax-scroll.js]
[max-themes.net/demos/hoteller/hoteller/boutique/js/plugins/hoteller-elementor/assets/js/jquery.smoove.js]
[max-themes.net/demos/hoteller/hoteller/boutique/js/plugins/hoteller-elementor/assets/js/parallax.js]
[max-themes.net/demos/hoteller/hoteller/boutique/js/plugins/hoteller-elementor/assets/js/jquery.blast.js]
[max-themes.net/demos/hoteller/hoteller/boutique/js/plugins/hoteller-elementor/assets/js/jquery.visible.js]
[max-themes.net/demos/hoteller/hoteller/boutique/js/plugins/hoteller-elementor/assets/js/jarallax.js]
[max-themes.net/demos/hoteller/hoteller/boutique/js/ui/effect.min.js]
[max-themes.net/demos/hoteller/hoteller/boutique/js/plugins/waypoints.min.js]
[max-themes.net/demos/hoteller/hoteller/boutique/js/plugins/hoteller-elementor/assets/js/tilt.jquery.js]
[max-themes.net/demos/hoteller/hoteller/boutique/js/plugins/jquery.stellar.min.js]
[max-themes.net/demos/hoteller/hoteller/boutique/js/plugins/custom_plugins.js]
[max-themes.net/demos/hoteller/hoteller/boutique/js/plugins/custom.js]
[max-themes.net/demos/hoteller/hoteller/boutique/js/plugins/hoteller-elementor/assets/js/jquery.sticky-kit.min.js]
[max-themes.net/demos/hoteller/hoteller/boutique/js/plugins/loftloader/assets/js/loftloader.minc3cd.js]
[max-themes.net/demos/hoteller/hoteller/boutique/js/plugins/hoteller-elementor/assets/js/hoteller-elementor.js]
[max-themes.net/demos/hoteller/hoteller/boutique/js/plugins/hoteller-elementor/assets/js/three.min.js]
[max-themes.net/demos/hoteller/hoteller/boutique/js/plugins/hoteller-elementor/assets/js/TweenMax.js]
[max-themes.net/demos/hoteller/hoteller/boutique/js/plugins/hoteller-elementor/assets/js/momentum-slider5697.js]
[max-themes.net/demos/hoteller/hoteller/boutique/js/plugins/hoteller-elementor/assets/js/hover.js]
[max-themes.net/demos/hoteller/hoteller/boutique/js/plugins/hoteller-elementor/assets/js/flickity.pkgd.js]
[max-themes.net/demos/hoteller/hoteller/boutique/js/plugins/jquery.cookie.js]
[max-themes.net/demos/hoteller/hoteller/boutique/js/plugins/jquery.tooltipster.min.js]
[max-themes.net/demos/hoteller/hoteller/boutique/js/plugins/demo.js]
[max-themes.net/demos/hoteller/hoteller/boutique/js/plugins/elementor/assets/js/frontend-modules.min.js]
[max-themes.net/demos/hoteller/hoteller/boutique/js/plugins/elementor/assets/lib/dialog/dialog.mina288.js]
[max-themes.net/demos/hoteller/hoteller/boutique/js/plugins/elementor/assets/lib/waypoints/waypoints.min05da.js]
[max-themes.net/demos/hoteller/hoteller/boutique/js/plugins/elementor/assets/lib/swiper/swiper.min48f5.js]
[max-themes.net/demos/hoteller/hoteller/boutique/js/plugins/elementor/assets/lib/share-link/share-link.min.js]
[max-themes.net/demos/hoteller/hoteller/boutique/index.html]
[max-themes.net/demos/hoteller/hoteller/boutique/css/reset.css]
[max-themes.net/demos/hoteller/hoteller/boutique/css/wordpress.css]
[max-themes.net/demos/hoteller/hoteller/boutique/js/plugins/elementor/assets/js/frontend.min.js]
[max-themes.net/demos/hoteller/hoteller/boutique/fonts/Cormorant.ttf]
[max-themes.net/demos/hoteller/hoteller/boutique/fonts/gothica.ttf]
[max-themes.net/demos/hoteller/hoteller/boutique/fonts/renner-medium-webfont.woff]
[max-themes.net/demos/hoteller/hoteller/boutique/fonts/hkgrotesk-medium-webfont.woff]
[max-themes.net/demos/hoteller/hoteller/boutique/fonts/Reforma1969-Blanca.woff]
[max-themes.net/demos/hoteller/hoteller/boutique/css/style.css]
[max-themes.net/demos/hoteller/hoteller/boutique/icons/modulobox.svg]
[max-themes.net/demos/hoteller/hoteller/boutique/css/modulobox.css]
[max-themes.net/demos/hoteller/hoteller/boutique/fonts/fa-brands-400.eot]
[max-themes.net/demos/hoteller/hoteller/boutique/fonts/fa-brands-400-1.eot]
[max-themes.net/demos/hoteller/hoteller/boutique/fonts/fa-brands-400.woff2]
[max-themes.net/demos/hoteller/hoteller/boutique/fonts/fa-brands-400.woff]
[max-themes.net/demos/hoteller/hoteller/boutique/fonts/fa-brands-400.ttf]
[max-themes.net/demos/hoteller/hoteller/boutique/fonts/fa-brands-400.svg]
[max-themes.net/demos/hoteller/hoteller/boutique/fonts/fa-regular-400.eot]
[max-themes.net/demos/hoteller/hoteller/boutique/fonts/fa-regular-400-1.eot]
[max-themes.net/demos/hoteller/hoteller/boutique/fonts/fa-regular-400.woff2]
[max-themes.net/demos/hoteller/hoteller/boutique/fonts/fa-regular-400.woff]
[max-themes.net/demos/hoteller/hoteller/boutique/fonts/fa-regular-400.ttf]
[max-themes.net/demos/hoteller/hoteller/boutique/fonts/fa-regular-400.svg]
[max-themes.net/demos/hoteller/hoteller/boutique/fonts/fa-solid-900.eot]
[max-themes.net/demos/hoteller/hoteller/boutique/fonts/fa-solid-900-1.eot]
[max-themes.net/demos/hoteller/hoteller/boutique/fonts/fa-solid-900.woff2]
[max-themes.net/demos/hoteller/hoteller/boutique/fonts/fa-solid-900.woff]
[max-themes.net/demos/hoteller/hoteller/boutique/fonts/fa-solid-900.ttf]
[max-themes.net/demos/hoteller/hoteller/boutique/css/font-awesome.min.css]
[max-themes.net/demos/hoteller/hoteller/boutique/fonts/fa-solid-900.svg]
[max-themes.net/demos/hoteller/hoteller/boutique/fonts/themify.eot]
[max-themes.net/demos/hoteller/hoteller/boutique/fonts/themify.woff]
[max-themes.net/demos/hoteller/hoteller/boutique/fonts/themify.ttf]
[max-themes.net/demos/hoteller/hoteller/boutique/css/themify-icons.css]
[max-themes.net/demos/hoteller/hoteller/boutique/css/tooltipster.css]
[max-themes.net/demos/hoteller/hoteller/boutique/css/demo.css]
[max-themes.net/demos/hoteller/hoteller/boutique/js/plugins/loftloader/assets/css/loftloader.minc3cd.css]
[max-themes.net/demos/hoteller/hoteller/boutique/fonts/themify.svg]
[max-themes.net/demos/hoteller/hoteller/boutique/js/plugins/elementor/assets/lib/eicons/fonts/eicons.eot]
[max-themes.net/demos/hoteller/hoteller/boutique/js/plugins/elementor/assets/lib/eicons/fonts/eicons.woff2]
[max-themes.net/demos/hoteller/hoteller/boutique/js/plugins/elementor/assets/lib/eicons/fonts/eicons.woff]
[max-themes.net/demos/hoteller/hoteller/boutique/js/plugins/elementor/assets/lib/eicons/fonts/eicons.ttf]
[max-themes.net/demos/hoteller/hoteller/boutique/js/plugins/elementor/assets/lib/eicons/css/elementor-icons.min.css]
[max-themes.net/demos/hoteller/hoteller/boutique/js/plugins/elementor/assets/lib/animations/animations.min.css]
[max-themes.net/demos/hoteller/hoteller/boutique/js/plugins/elementor/assets/css/frontend-legacy.min.css]
[max-themes.net/demos/hoteller/hoteller/boutique/js/plugins/elementor/assets/css/frontend.min.css]
[max-themes.net/demos/hoteller/hoteller/boutique/js/plugins/hoteller-elementor/assets/css/swiper.css]
[max-themes.net/demos/hoteller/hoteller/boutique/js/plugins/hoteller-elementor/assets/css/animatedheadline.css]
[max-themes.net/demos/hoteller/hoteller/boutique/js/plugins/hoteller-elementor/assets/css/justifiedGallery.css]
[max-themes.net/demos/hoteller/hoteller/boutique/js/plugins/hoteller-elementor/assets/css/flickity.css]
[max-themes.net/demos/hoteller/hoteller/boutique/js/plugins/elementor/assets/lib/eicons/fonts/eicons.svg]
[max-themes.net/demos/hoteller/hoteller/boutique/js/plugins/hoteller-elementor/assets/css/owl.video.play.png]
[max-themes.net/demos/hoteller/hoteller/boutique/js/plugins/hoteller-elementor/assets/css/owl.theme.default.min.css]
[max-themes.net/demos/hoteller/hoteller/boutique/js/plugins/hoteller-elementor/assets/css/hoteller-elementor.css]
[max-themes.net/demos/hoteller/hoteller/boutique/js/plugins/hoteller-elementor/assets/css/hoteller-elementor-responsive.css]
[max-themes.net/demos/hoteller/hoteller/boutique/js/plugins/elementor/assets/lib/font-awesome/fonts/fontawesome-webfont.eot]
[max-themes.net/demos/hoteller/hoteller/boutique/js/plugins/elementor/assets/lib/font-awesome/fonts/fontawesome-webfont-1.eot]
[max-themes.net/demos/hoteller/hoteller/boutique/js/plugins/elementor/assets/lib/font-awesome/fonts/fontawesome-webfont.woff2]
[max-themes.net/demos/hoteller/hoteller/boutique/js/plugins/elementor/assets/lib/font-awesome/fonts/fontawesome-webfont.woff]
[max-themes.net/demos/hoteller/hoteller/boutique/js/plugins/elementor/assets/lib/font-awesome/fonts/fontawesome-webfont.ttf]
[max-themes.net/demos/hoteller/hoteller/boutique/js/plugins/elementor/assets/lib/font-awesome/css/font-awesome.min1849.css]
[max-themes.net/demos/hoteller/hoteller/boutique/css/responsive.css]
[max-themes.net/demos/hoteller/hoteller/boutique/js/plugins/elementor/assets/lib/font-awesome/fonts/fontawesome-webfont.svg]
[max-themes.net/demos/hoteller/hoteller/boutique/upload/jay-wennington-2065-unsplash.jpg]
[max-themes.net/demos/hoteller/hoteller/boutique/upload/image.jpg]
[max-themes.net/demos/hoteller/hoteller/boutique/upload/housekeeper-cleaning-a-hotel-room-ND9A5ZV.jpg]
[max-themes.net/demos/hoteller/hoteller/boutique/upload/chambermaid-changing-bed-linen-on-the-bed-in-a-PMUYXS6.jpg]
[max-themes.net/demos/hoteller/hoteller/boutique/upload/beautiful-luxury-comfortable-white-pillow-and-ZHKJ6WT.jpg]
[max-themes.net/demos/hoteller/hoteller/boutique/css/custom-css.css]
[max-themes.net/demos/hoteller/hoteller/boutique/upload/room1_portrait.jpg]
[max-themes.net/demos/hoteller/hoteller/boutique/upload/room3_portrait.jpg]
[max-themes.net/demos/hoteller/hoteller/boutique/upload/room2_portrait.jpg]
[max-themes.net/demos/hoteller/hoteller/boutique/upload/room4_portrait.jpg]
[max-themes.net/demos/hoteller/hoteller/boutique/our-rooms.html]
[max-themes.net/demos/hoteller/hoteller/boutique/upload/chef-presenting-food-to-customers-in-the-P8DB3B8-1.jpg]
[max-themes.net/demos/hoteller/hoteller/boutique/upload/bride-and-groom-having-meal-with-friends-at-PUDM5NY.jpg]
[max-themes.net/demos/hoteller/hoteller/boutique/upload/close-up-of-a-cutting-a-fillet-steak-food-PD4XF3R.jpg]
[max-themes.net/demos/hoteller/hoteller/boutique/upload/dry-vodka-martini-gin-tonic-cocktail-served-in-PF5WQAH.jpg]
[max-themes.net/demos/hoteller/hoteller/boutique/upload/brooke-lark-194252.jpg]
[max-themes.net/demos/hoteller/hoteller/boutique/upload/brooke-lark-158019-unsplash.jpg]
[max-themes.net/demos/hoteller/hoteller/boutique/upload/annie-spratt-215756-unsplash.jpg]
[max-themes.net/demos/hoteller/hoteller/boutique/upload/nigel-tadyanehondo-240830-copy.jpg]
[max-themes.net/demos/hoteller/hoteller/boutique/dining.html]
[max-themes.net/demos/hoteller/hoteller/boutique/upload/hike-in-peru-PQ9G59X.jpg]
[max-themes.net/demos/hoteller/hoteller/boutique/upload/101048866-768x576.jpg]
[max-themes.net/demos/hoteller/hoteller/boutique/upload/chambermaid-changing-bed-linen-on-the-bed-in-a-PMUYXS6-768x512.jpg]
[max-themes.net/demos/hoteller/hoteller/boutique/upload/pont-saint-pierre-and-hotel-dieu-saint-jacques-ERV3QDU-768x512.jpg]
[max-themes.net/demos/hoteller/hoteller/boutique/upload/bride-and-groom-having-meal-with-friends-at-PUDM5NY-768x538.jpg]
[max-themes.net/demos/hoteller/hoteller/boutique/about.html]
[max-themes.net/demos/hoteller/hoteller/boutique/upload/mature-businessman-at-hotel-reception-PSCUC9L.jpg]
[max-themes.net/demos/hoteller/hoteller/boutique/upload/mature-businessman-with-smartphone-in-a-hotel-P3RXA6W.jpg]
[max-themes.net/demos/hoteller/hoteller/boutique/contact.html]
[max-themes.net/demos/hoteller/hoteller/boutique/booking-now.html]
[max-themes.net/demos/hoteller/hoteller/boutique/upload/at-six-hotel-universal-design-studio-interiors-stockholm-sweden_dezeen_2364_col_2.jpg]
[max-themes.net/demos/hoteller/hoteller/boutique/upload/101048866.jpg]
[max-themes.net/demos/hoteller/hoteller/boutique/upload/1551336909_5c7785cd1a9e7-thumb.jpg]
[max-themes.net/demos/hoteller/hoteller/boutique/upload/Hotel_Zachary_022_preview.0.jpg]
[max-themes.net/demos/hoteller/hoteller/boutique/upload/ct-trav-hotel-zachary-open-date-0220.jpg]
[max-themes.net/demos/hoteller/hoteller/boutique/js/plugins/custom singleroom167b.js]
[max-themes.net/demos/hoteller/hoteller/boutique/deluxe-room.html]
[max-themes.net/demos/hoteller/hoteller/boutique/js/jquery4a5f.js]
[max-themes.net/demos/hoteller/hoteller/boutique/js/ui/core.min.js]
[max-themes.net/demos/hoteller/hoteller/boutique/js/ui/widget.min.js]
[max-themes.net/demos/hoteller/hoteller/boutique/js/ui/mouse.min.js]
[max-themes.net/demos/hoteller/hoteller/boutique/js/ui/resizable.min.js]
[max-themes.net/demos/hoteller/hoteller/boutique/js/ui/draggable.min.js]
[max-themes.net/demos/hoteller/hoteller/boutique/js/ui/button.min.js]
[max-themes.net/demos/hoteller/hoteller/boutique/js/ui/position.min.js]
[max-themes.net/demos/hoteller/hoteller/boutique/js/ui/dialog.min.js]
[max-themes.net/demos/hoteller/hoteller/boutique/js/plugins/imagesloaded.mineda1.js]
[max-themes.net/demos/hoteller/hoteller/boutique/js/plugins/masonry.min3a05.js]
[max-themes.net/demos/hoteller/hoteller/boutique/js/plugins/hoteller-elementor/assets/js/jquery.lazy.js]
[max-themes.net/demos/hoteller/hoteller/boutique/GET]
[max-themes.net/demos/hoteller/hoteller/boutique/js/plugins/hoteller-elementor/assets/js/modulobox.js]
[max-themes.net/demos/hoteller/hoteller/boutique/js/plugins/hoteller-elementor/assets/js/jquery.parallax-scroll.js]
[max-themes.net/demos/hoteller/hoteller/boutique/js/plugins/hoteller-elementor/assets/js/jquery.smoove.js]
[max-themes.net/demos/hoteller/hoteller/boutique/js/plugins/hoteller-elementor/assets/js/parallax.js]
[max-themes.net/demos/hoteller/hoteller/boutique/js/plugins/hoteller-elementor/assets/js/jquery.blast.js]
[max-themes.net/demos/hoteller/hoteller/boutique/js/plugins/hoteller-elementor/assets/js/jquery.visible.js]
[max-themes.net/demos/hoteller/hoteller/boutique/js/plugins/hoteller-elementor/assets/js/jarallax.js]
[max-themes.net/demos/hoteller/hoteller/boutique/js/ui/effect.min.js]
[max-themes.net/demos/hoteller/hoteller/boutique/js/plugins/waypoints.min.js]
[max-themes.net/demos/hoteller/hoteller/boutique/js/plugins/hoteller-elementor/assets/js/tilt.jquery.js]
[max-themes.net/demos/hoteller/hoteller/boutique/js/plugins/jquery.stellar.min.js]
[max-themes.net/demos/hoteller/hoteller/boutique/js/plugins/custom_plugins.js]
[max-themes.net/demos/hoteller/hoteller/boutique/js/plugins/custom.js]
[max-themes.net/demos/hoteller/hoteller/boutique/js/plugins/hoteller-elementor/assets/js/jquery.sticky-kit.min.js]
[max-themes.net/demos/hoteller/hoteller/boutique/js/plugins/loftloader/assets/js/loftloader.minc3cd.js]
[max-themes.net/demos/hoteller/hoteller/boutique/js/plugins/hoteller-elementor/assets/js/hoteller-elementor.js]
[max-themes.net/demos/hoteller/hoteller/boutique/Trident/index.html]
[max-themes.net/demos/hoteller/hoteller/boutique/Edge/index.html]
[max-themes.net/demos/hoteller/hoteller/boutique/THREE.CanvasRenderer has been moved to/examples/js/renderers/CanvasRenderer.js]
[max-themes.net/demos/hoteller/hoteller/boutique/js/plugins/hoteller-elementor/assets/js/three.min.js]
[max-themes.net/demos/hoteller/hoteller/boutique/js/plugins/hoteller-elementor/assets/js/TweenMax.js]
[max-themes.net/demos/hoteller/hoteller/boutique/js/plugins/hoteller-elementor/assets/js/momentum-slider5697.js]
[max-themes.net/demos/hoteller/hoteller/boutique/js/plugins/hoteller-elementor/assets/js/hover.js]
[max-themes.net/demos/hoteller/hoteller/boutique/js/plugins/hoteller-elementor/assets/js/flickity.pkgd.js]
[max-themes.net/demos/hoteller/hoteller/boutique/js/plugins/jquery.cookie.js]
[max-themes.net/demos/hoteller/hoteller/boutique/js/plugins/jquery.tooltipster.min.js]
[max-themes.net/demos/hoteller/hoteller/boutique/js/plugins/demo.js]
[max-themes.net/demos/hoteller/hoteller/boutique/js/plugins/elementor/assets/js/frontend-modules.min.js]
[max-themes.net/demos/hoteller/hoteller/boutique/js/plugins/elementor/assets/lib/dialog/dialog.mina288.js]
[max-themes.net/demos/hoteller/hoteller/boutique/js/plugins/elementor/assets/lib/waypoints/waypoints.min05da.js]
[max-themes.net/demos/hoteller/hoteller/boutique/js/plugins/elementor/assets/lib/swiper/swiper.min48f5.js]
[max-themes.net/demos/hoteller/hoteller/boutique/Gecko/index.html]
[max-themes.net/demos/hoteller/hoteller/boutique/js/plugins/elementor/assets/lib/share-link/share-link.min.js]
[max-themes.net/demos/hoteller/hoteller/boutique/js/plugins/elementor/assets/js/frontend.min.js]
[max-themes.net/demos/hoteller/hoteller/boutique/fonts/hkgrotesk-medium-webfont.html]
[max-themes.net/demos/hoteller/hoteller/boutique/icons/modulobox.svg]
[max-themes.net/demos/hoteller/hoteller/boutique/fonts/fa-brands-400.svg]
[max-themes.net/demos/hoteller/hoteller/boutique/fonts/fa-regular-400.svg]
[max-themes.net/demos/hoteller/hoteller/boutique/Version/index.html]
[max-themes.net/demos/hoteller/hoteller/boutique/fonts/fa-solid-900.svg]
[max-themes.net/demos/hoteller/hoteller/boutique/fonts/themify.svg]
[max-themes.net/demos/hoteller/hoteller/boutique/js/plugins/elementor/assets/lib/eicons/fonts/eicons.svg]
[max-themes.net/demos/hoteller/hoteller/boutique/js/plugins/hoteller-elementor/assets/css/owl.video.play.html]
[max-themes.net/demos/hoteller/hoteller/boutique/js/plugins/elementor/assets/lib/font-awesome/fonts/fontawesome-webfont.svg]
[max-themes.net/demos/hoteller/hoteller/boutique/upload/brooke-lark-158019-unsplash.html]
[max-themes.net/demos/hoteller/hoteller/boutique/upload/annie-spratt-215756-unsplash.html]
[max-themes.net/demos/hoteller/hoteller/boutique/upload/nigel-tadyanehondo-240830-copy.html]
[max-themes.net/demos/hoteller/hoteller/boutique/js/plugins/custom singleroom167b.js]
[max-themes.net/demos/hoteller/hoteller/boutique/GET.html]
[max-themes.net/demos/hoteller/hoteller/boutique/Trident/index.html]
[max-themes.net/demos/hoteller/hoteller/boutique/Edge/index.html]
[max-themes.net/demos/hoteller/hoteller/boutique/THREE.CanvasRenderer has been moved to/examples/js/renderers/CanvasRenderer.html]
[max-themes.net/demos/hoteller/hoteller/boutique/Version/index.html]
[max-themes.net/demos/hoteller/hoteller/boutique/Gecko/index.html]
[max-themes.net/demos/hoteller/hoteller/boutique/Firefox/index.html]
[max-themes.net/demos/hoteller/hoteller/boutique/version/index-2.html]
[max-themes.net/demos/hoteller/hoteller/boutique/Firefox/index.html]
[max-themes.net/demos/hoteller/hoteller/boutique/version/index-2.html]
